
> my-v0-project@0.1.0 test
> vitest

